../Core/Src/main.c:79:6:CS43L22_Init	24	static
../Core/Src/main.c:152:6:CS43L22_Beep	32	static
../Core/Src/main.c:265:10:allNotes	24	static
../Core/Src/main.c:232:5:main	16	static
../Core/Src/main.c:300:10:metalCrusherMelody	280	static
../Core/Src/main.c:382:6:SystemClock_Config	88	static
../Core/Src/main.c:428:13:MX_I2C1_Init	8	static
../Core/Src/main.c:462:13:MX_I2S3_Init	8	static
../Core/Src/main.c:496:13:MX_SPI1_Init	8	static
../Core/Src/main.c:532:13:MX_DMA_Init	16	static
../Core/Src/main.c:550:13:MX_GPIO_Init	56	static
../Core/Src/main.c:649:6:Error_Handler	4	static,ignoring_inline_asm
